

HI-TECH Software 8051 Macro Assembler V9.60                                Page 1
                                                       Tue Jun 17 08:45:36 2025

     1                           	psect	idata,class=DATA,space=1,limit=0100h
     2                           	psect	irdata,class=DATA,limit=0100h
     3                           	global	_imp
     4                           	signat	_imp,4216
     5                           	global	stack_internal
     6                           	psect	text,class=CODE
     7                           	psect	text
     8                           	file	"C:\Users\PROFES~1\Desktop\38CC~1\61C4D~1\
                                 1072~1\PRACTI~1\PR7EE1~1\pr7\project7\main.c"
     9                           	line	7
    10  00003                     _imp:
    11  00003  80 43              	j	f1611
    12  00005                     f1610:
    13                           ;main.c: 6: void imp(unsigned int cnt)
    14                           
    15                           ;main.c: 7: {
    16                           
    17                           ;main.c: 8: do{}while(TF2 == 0);
    18                           
    19                           ;	var   _cnt assigned to ?a_imp+0
    20                           ;_cnt stored from WR2
    21  00005  8C 24              	mov	?a_imp+0,r4
    22  00007  8D 25              	mov	?a_imp+0+1,r5
    23                           	line	8
    24  00009                     l5:
    25  00009  30 CF 02           	bnb	t2con.7, u11
    26  0000C  80 02              	jmp	u10
    27  0000E                     u11:
    28  0000E  80 F9              	jmp	l5
    29  00010                     u10:
    30  00010                     l4:
    31                           ;main.c: 9: TF2 = 0;
    32                           
    33                           	line	9
    34  00010  C2 CF              	clr	t2con.7
    35                           ;main.c: 10: P10 = 1;
    36                           
    37                           	line	10
    38  00012  D2 90              	setb	p1.0
    39                           ;main.c: 11: while (cnt != 0)cnt--;
    40                           
    41                           	line	11
    42  00014  80 0C              	jmp	l6
    43  00016                     l7:
    44  00016  E5 25              	mov	a,?a_imp+0+1
    45  00018  24 FF              	add	a,#low (-01h)
    46  0001A  F5 25              	mov	?a_imp+0+1,a
    47  0001C  E5 24              	mov	a,?a_imp+0
    48  0001E  34 FF              	addc	a,#high (-01h)
    49  00020  F5 24              	mov	?a_imp+0,a
    50  00022                     l6:
    51  00022  E5 25              	mov	a,?a_imp+0+1
    52  00024  45 24              	orl	a,?a_imp+0
    53  00026  70 02              	bnz	u21
    54  00028  80 02              	jmp	u20
    55  0002A                     u21:
    56  0002A  80 EA              	jmp	l7
    57  0002C                     u20:
    58  0002C                     l8:
    59                           ;main.c: 12: P10 = 0;
    60                           
    61                           	line	12
    62  0002C  C2 90              	clr	p1.0
    63                           ;main.c: 13: if(P36 == 1){ flag = 1;}
    64                           
    65                           	line	13
    66  0002E  30 B6 02           	bnb	p3.6, u31
    67  00031  80 02              	jmp	u30
    68  00033                     u31:
    69  00033  80 06              	jmp	l9
    70  00035                     u30:
    71                           	global	_flag
    72  00035  75 20  00          	mov	_flag,#high(1)
    73  00038  75 21  01          	mov	_flag+1,#low(1)
    74  0003B                     l9:
    75                           ;main.c: 14: if(P37 == 1){ flag = 0;}
    76                           
    77                           	line	14
    78  0003B  30 B7 02           	bnb	p3.7, u41
    79  0003E  80 02              	jmp	u40
    80  00040                     u41:
    81  00040  80 05              	jmp	l10
    82  00042                     u40:
    83  00042  E4                 	clr	a
    84  00043  F5 20              	mov	_flag,a
    85  00045  F5 21              	mov	_flag+1,a
    86  00047                     l10:
    87                           ;main.c: 15: }
    88                           
    89                           	line	15
    90  00047                     l2:
    91  00047  22                 	ret
    92  00048                     f1611:
    93  00048  80 BB              	j	f1610
    94                           	FNSIZE	_imp,2,0
    95                           	global	?a_imp
    96  0000                     f1612	equ	0
    97                           	global	_main
    98                           	signat	_main,88
    99                           	line	18
   100  0004A                     _main:
   101  0004A  80 51              	j	f1621
   102  0004C                     f1620:
   103                           ;main.c: 17: void main()
   104                           
   105                           ;main.c: 18: {
   106                           
   107                           ;main.c: 19: flag = 0;
   108                           
   109                           	line	19
   110  0004C  E4                 	clr	a
   111  0004D  F5 20              	mov	_flag,a
   112  0004F  F5 21              	mov	_flag+1,a
   113                           ;main.c: 21: P1 = 0xFE;
   114                           
   115                           	line	21
   116  00051  75 90 FE           	mov	090h,#254
   117                           ;main.c: 22: RCAP2H = 0x0;
   118                           
   119                           	line	22
   120  00054  75 CB 00           	mov	0CBh,#0
   121                           ;main.c: 23: RCAP2L = 0x0;
   122                           
   123                           	line	23
   124  00057  75 CA 00           	mov	0CAh,#0
   125                           ;main.c: 25: T2CON &= 0xFC;
   126                           
   127                           	line	25
   128  0005A  53 C8 FC           	anl	0C8h,#-4
   129                           ;main.c: 26: ET2 = 1;
   130                           
   131                           	line	26
   132  0005D  D2 AD              	setb	ie.5
   133                           ;main.c: 27: EA = 1;
   134                           
   135                           	line	27
   136  0005F  D2 AF              	setb	ie.7
   137                           ;main.c: 28: T2CON |= 0x4;
   138                           
   139                           	line	28
   140  00061  D2 CA              	setb	t2con.2
   141                           ;main.c: 30: while(1)
   142                           
   143                           	line	30
   144  00063                     l13:
   145                           ;main.c: 31: {
   146                           
   147                           ;main.c: 32: if (flag == 1){imp(2100);}
   148                           
   149                           	line	32
   150  00063  E5 21              	mov	a,_flag+1
   151  00065  B4 01 07           	cbne	a,#low (1),u51
   152  00068  E5 20              	mov	a,_flag
   153  0006A  B4 00 02           	cbne	a,#high (1),u51
   154  0006D  80 02              	jmp	u50
   155  0006F                     u51:
   156  0006F  80 09              	jmp	l15
   157  00071                     u50:
   158                           	FNCALL	_main,_imp
   159  00071  7C 08              	mov	r4,#high (2100)
   160  00073  7D 34              	mov	r5,#low (2100)
   161  00075  12 0003            	lcall	_imp
   162                           
   163  00078  80 07              	jmp	l16
   164                           	line	33
   165  0007A                     l15:
   166                           ;main.c: 33: else imp(3500);
   167                           
   168  0007A  7C 0D              	mov	r4,#high (3500)
   169  0007C  7D AC              	mov	r5,#low (3500)
   170  0007E  12 0003            	lcall	_imp
   171                           
   172  00081                     l16:
   173                           ;main.c: 35: if(P36 == 1){ flag = 1;}
   174                           
   175                           	line	35
   176  00081  30 B6 02           	bnb	p3.6, u61
   177  00084  80 02              	jmp	u60
   178  00086                     u61:
   179  00086  80 06              	jmp	l17
   180  00088                     u60:
   181  00088  75 20  00          	mov	_flag,#high(1)
   182  0008B  75 21  01          	mov	_flag+1,#low(1)
   183  0008E                     l17:
   184                           ;main.c: 36: if(P37 == 1){ flag = 0;}
   185                           
   186                           	line	36
   187  0008E  30 B7 02           	bnb	p3.7, u71
   188  00091  80 02              	jmp	u70
   189  00093                     u71:
   190  00093  80 05              	jmp	l18
   191  00095                     u70:
   192  00095  E4                 	clr	a
   193  00096  F5 20              	mov	_flag,a
   194  00098  F5 21              	mov	_flag+1,a
   195  0009A                     l18:
   196                           	line	37
   197  0009A                     l12:
   198                           	line	30
   199  0009A  80 C7              	jmp	l13
   200  0009C                     l14:
   201                           ;main.c: 37: }
   202                           
   203                           ;main.c: 38: }
   204                           
   205                           	line	38
   206  0009C                     l11:
   207  0009C  22                 	ret
   208  0009D                     f1621:
   209  0009D  80 AD              	j	f1620
   210  0000                     f1622	equ	0
   211  0000                     _A10	equ	162
   212  0000                     _A11	equ	163
   213  0000                     _A12	equ	164
   214  0000                     _A13	equ	165
   215  0000                     _A14	equ	166
   216  0000                     _A15	equ	167
   217  0000                     _A8	equ	160
   218  0000                     _A9	equ	161
   219  0000                     _AC	equ	214
   220  0000                     _ACC0	equ	224
   221  0000                     _ACC1	equ	225
   222  0000                     _ACC2	equ	226
   223  0000                     _ACC3	equ	227
   224  0000                     _ACC4	equ	228
   225  0000                     _ACC5	equ	229
   226  0000                     _ACC6	equ	230
   227  0000                     _ACC7	equ	231
   228  0000                     _AD0	equ	128
   229  0000                     _AD1	equ	129
   230  0000                     _AD2	equ	130
   231  0000                     _AD3	equ	131
   232  0000                     _AD4	equ	132
   233  0000                     _AD5	equ	133
   234  0000                     _AD6	equ	134
   235  0000                     _AD7	equ	135
   236  0000                     _B0	equ	240
   237  0000                     _B1	equ	241
   238  0000                     _B2	equ	242
   239  0000                     _B3	equ	243
   240  0000                     _B4	equ	244
   241  0000                     _B5	equ	245
   242  0000                     _B6	equ	246
   243  0000                     _B7	equ	247
   244  0000                     _CPRL2	equ	200
   245  0000                     _CT2	equ	201
   246  0000                     _CY	equ	215
   247  0000                     _EA	equ	175
   248  0000                     _ES	equ	172
   249  0000                     _ET0	equ	169
   250  0000                     _ET1	equ	171
   251  0000                     _ET2	equ	173
   252  0000                     _EX0	equ	168
   253  0000                     _EX1	equ	170
   254  0000                     _EXEN2	equ	203
   255  0000                     _EXF2	equ	206
   256  0000                     _F0	equ	213
   257  0000                     _IE0	equ	137
   258  0000                     _IE1	equ	139
   259  0000                     _INT0	equ	178
   260  0000                     _INT1	equ	179
   261  0000                     _IT0	equ	136
   262  0000                     _IT1	equ	138
   263  0000                     _OV	equ	210
   264  0000                     _P	equ	208
   265  0000                     _P00	equ	128
   266  0000                     _P01	equ	129
   267  0000                     _P02	equ	130
   268  0000                     _P03	equ	131
   269  0000                     _P04	equ	132
   270  0000                     _P05	equ	133
   271  0000                     _P06	equ	134
   272  0000                     _P07	equ	135
   273  0000                     _P10	equ	144
   274  0000                     _P11	equ	145
   275  0000                     _P12	equ	146
   276  0000                     _P13	equ	147
   277  0000                     _P14	equ	148
   278  0000                     _P15	equ	149
   279  0000                     _P16	equ	150
   280  0000                     _P17	equ	151
   281  0000                     _P20	equ	160
   282  0000                     _P21	equ	161
   283  0000                     _P22	equ	162
   284  0000                     _P23	equ	163
   285  0000                     _P24	equ	164
   286  0000                     _P25	equ	165
   287  0000                     _P26	equ	166
   288  0000                     _P27	equ	167
   289  0000                     _P30	equ	176
   290  0000                     _P31	equ	177
   291  0000                     _P32	equ	178
   292  0000                     _P33	equ	179
   293  0000                     _P34	equ	180
   294  0000                     _P35	equ	181
   295  0000                     _P36	equ	182
   296  0000                     _P37	equ	183
   297  0000                     _PS	equ	188
   298  0000                     _PT0	equ	185
   299  0000                     _PT1	equ	187
   300  0000                     _PT2	equ	189
   301  0000                     _PX0	equ	184
   302  0000                     _PX1	equ	186
   303  0000                     _RB8	equ	154
   304  0000                     _RCLK	equ	205
   305  0000                     _RD	equ	183
   306  0000                     _REN	equ	156
   307  0000                     _RI	equ	152
   308  0000                     _RS0	equ	211
   309  0000                     _RS1	equ	212
   310  0000                     _RXD	equ	176
   311  0000                     _SM0	equ	159
   312  0000                     _SM1	equ	158
   313  0000                     _SM2	equ	157
   314  0000                     _T0	equ	180
   315  0000                     _T1	equ	181
   316  0000                     _T2	equ	144
   317  0000                     _T2EX	equ	145
   318  0000                     _TB8	equ	155
   319  0000                     _TCLK	equ	204
   320  0000                     _TF0	equ	141
   321  0000                     _TF1	equ	143
   322  0000                     _TF2	equ	207
   323  0000                     _TI	equ	153
   324  0000                     _TR0	equ	140
   325  0000                     _TR1	equ	142
   326  0000                     _TR2	equ	202
   327  0000                     _TXD	equ	177
   328  0000                     _WR	equ	182
   329  0000                     _ACC	equ	224
   330  0000                     _B	equ	240
   331  0000                     _DPH	equ	131
   332  0000                     _DPL	equ	130
   333  0000                     _IE	equ	168
   334  0000                     _IP	equ	184
   335  0000                     _P0	equ	128
   336  0000                     _P1	equ	144
   337  0000                     _P2	equ	160
   338  0000                     _P3	equ	176
   339  0000                     _PCON	equ	135
   340  0000                     _PSW	equ	208
   341  0000                     _RCAP2H	equ	203
   342  0000                     _RCAP2L	equ	202
   343  0000                     _SBUF	equ	153
   344  0000                     _SCON	equ	152
   345  0000                     _SP	equ	129
   346  0000                     _T2CON	equ	200
   347  0000                     _TCON	equ	136
   348  0000                     _TH0	equ	140
   349  0000                     _TH1	equ	141
   350  0000                     _TH2	equ	205
   351  0000                     _TL0	equ	138
   352  0000                     _TL1	equ	139
   353  0000                     _TL2	equ	204
   354  0000                     _TMOD	equ	137
   355  0000                     _ACC_BITS	equ	224
   356  0000                     _B_BITS	equ	240
   357  0000                     _IE_BITS	equ	168
   358  0000                     _IP_BITS	equ	184
   359  0000                     _P0_BITS	equ	128
   360  0000                     _P1_BITS	equ	144
   361  0000                     _P2_BITS	equ	160
   362  0000                     _P3_BITS	equ	176
   363  0000                     _PCON_BITS	equ	135
   364  0000                     _PSW_BITS	equ	208
   365  0000                     _SCON_BITS	equ	152
   366  0000                     _T2CON_BITS	equ	200
   367  0000                     _TCON_BITS	equ	136
   368  0000                     _TMOD_BITS	equ	137
   369                           	psect	rbss,class=DATA,space=1
   370                           	psect	rbss
   371                           	global	_flag
   372  00020                     _flag:
   373  00020                     	ds	2
   374                           	global	_flag2
   375  00022                     _flag2:
   376  00022                     	ds	2


HI-TECH Software 8051 Macro Assembler V9.60                                Page 2
Symbol Table                                           Tue Jun 17 08:45:36 2025

            _B 000F0              l2 00047              l4 00010  
            l5 00009              _P 000D0              l6 00022  
            l7 00016              l8 0002C              l9 0003B  
           _B0 000F0             _B1 000F1             _B2 000F2  
           _B3 000F3             _B4 000F4             _B5 000F5  
           _B6 000F6             _A8 000A0             _B7 000F7  
           _A9 000A1             _F0 000D5             _AC 000D6  
           l10 00047             l11 0009C             l12 0009A  
           l13 00063             l14 0009C             _EA 000AF  
           l15 0007A             l16 00081             l17 0008E  
           l18 0009A             _P0 00080             _P1 00090  
           _P2 000A0             _P3 000B0             _IE 000A8  
           _T0 000B4             _T1 000B5             _T2 00090  
           _ES 000AC             _CY 000D7             _IP 000B8  
           _RD 000B7             u10 00010             u11 0000E  
           u20 0002C             _RI 00098             u21 0002A  
           u30 00035             u31 00033             u40 00042  
           _TI 00099             u41 00040             u50 00071  
           _PS 000BC             u51 0006F             _OV 000D2  
           u60 00088             u61 00086             _SP 00081  
           u70 00095             u71 00093             _WR 000B6  
       _B_BITS 000F0         _RCAP2H 000CB         _RCAP2L 000CA  
          _A10 000A2            _A11 000A3            _A12 000A4  
          _A13 000A5            _A14 000A6            _A15 000A7  
          _AD0 00080            _AD1 00081            _AD2 00082  
          _AD3 00083            _AD4 00084            _AD5 00085  
          _AD6 00086            _AD7 00087            _ACC 000E0  
          _P00 00080            _P01 00081            _P10 00090  
          _P02 00082            _P11 00091            _P03 00083  
          _P20 000A0            _P12 00092            _P04 00084  
          _P21 000A1            _P13 00093            _P05 00085  
          _P30 000B0            _P22 000A2            _P14 00094  
          _P06 00086            _P31 000B1            _P23 000A3  
          _P15 00095            _P07 00087            _P32 000B2  
          _P24 000A4            _P16 00096            _P33 000B3  
          _P25 000A5            _P17 00097            _P34 000B4  
          _P26 000A6            _P35 000B5            _P27 000A7  
          _P36 000B6            _P37 000B7            _IE0 00089  
          _IE1 0008B            _CT2 000C9            _ET0 000A9  
          _ET1 000AB            _ET2 000AD            _EX0 000A8  
          _EX1 000AA            _DPH 00083            _DPL 00082  
          _IT0 00088            _IT1 0008A            _RB8 0009A  
          _TF0 0008D            _TB8 0009B            _TF1 0008F  
          _TF2 000CF            _TH0 0008C            _TH1 0008D  
          _TH2 000CD            _SM0 0009F            _SM1 0009E  
          _TL0 0008A            _SM2 0009D            _PT0 000B9  
          _TL1 0008B            _PT1 000BB            _TL2 000CC  
          _PT2 000BD            _RS0 000D3            _RS1 000D4  
          _REN 0009C            _PX0 000B8            _PX1 000BA  
          _TR0 0008C            _TR1 0008E            _TR2 000CA  
          _RXD 000B0            _PSW 000D0            _TXD 000B1  
      _P0_BITS 00080        _P1_BITS 00090        _P2_BITS 000A0  
      _P3_BITS 000B0            _imp 00003        _IE_BITS 000A8  
     _ACC_BITS 000E0     _T2CON_BITS 000C8        _IP_BITS 000B8  
         f1610 00005           f1611 00048           f1620 0004C  
         f1612 00000           f1621 0009D           f1622 00000  
         _ACC0 000E0           _ACC1 000E1           _ACC2 000E2  
         _ACC3 000E3           _ACC4 000E4           _ACC5 000E5  
         _ACC6 000E6           _ACC7 000E7  stack_internal 00001  
         _EXF2 000CE           _T2EX 00091           _INT0 000B2  
         _INT1 000B3           _PCON 00087           _RCLK 000CD  
         _TCLK 000CC           _SCON 00098           _SBUF 00099  
         _TCON 00088           _TMOD 00089           _flag 00020  
         _main 0004A          ?a_imp 00024       _PSW_BITS 000D0  
        _CPRL2 000C8          _T2CON 000C8          _EXEN2 000CB  
        _flag2 00022      _PCON_BITS 00087      _SCON_BITS 00098  
    _TCON_BITS 00088      _TMOD_BITS 00089  
