HI-TECH Software 8051-C Compiler V9.60

Linker command line:

--edf=C:\PROGRA~2\HI-TEC~1\HC51\lite\9.60\dat\en_msgs.txt \
  -h+Z:\project6.sym -z -Q8051AH -ol.obj -MZ:\project6.map -E1 \
  -ver=8051-C#V9.60 -ACODE=00h-0FFFh -pvectors=00h \
  -prbit=0/20h,rbss,rdata/CODE,irdata/CODE,idata/rbss -pbss=XDATA/idata \
  -pdata=CODE+100h -pconst=CODE+100h -pstrings=CODE+100h -pnvram=bss,heap \
  C:\Users\PROFES~1\AppData\Local\Temp\s9oo.obj Z:\main_0.obj \
  C:\PROGRA~2\HI-TEC~1\HC51\lite\9.60\lib\51--nsc.lib 

Object code version is 3.8

Machine type is 8051AH

Call graph:

*start1 size 0,0 offset 0
*    _main size 0,9 offset 0
*        _tput size 0,1 offset 9

		Name          Link     Load   Length Selector Space Scale
C:\Users\PROFES~1\AppData\Local\Temp\s9oo.obj
		vectors          0        0        3       0     0
		text            BC       BC       14       0     0
Z:\main_0.obj   data           100      100        7     100     0
		text             3        3       78       0     0

C:\PROGRA~2\HI-TEC~1\HC51\lite\9.60\lib\51--nsc.lib
powerup.obj     text            D0       D0        3       0     0
str_cops.obj    text            7B       7B       41       0     0

COMMON          rbss            20       20        A      20     1

TOTAL		Name          Link     Load   Length
	CLASS	CODE     
		vectors          0        0        3
		data           100      100        7
		text            BC       BC       14
		text             3        3       78
		text            D0       D0        3
		text            7B       7B       41

	CLASS	DATA     
		rbss            20       20        A

	CLASS	XDATA    

	CLASS	BITSEG   



SEGMENTS	Name		Load	Length	 Top	Selector    Space Class

		vectors         000000	0000D3	0000D3	       0       0  CODE    
		rbit            000020	00000A	00002A	      20       1  BITSEG  
		data            000100	000007	000107	     100       0  CODE    


UNUSED ADDRESS RANGES

	CODE             0D3-0FF
	                 107-FFF

                                  Symbol Table

?a_main        rbss    020  ?a_tput        rbss    029
__Bbss         bss     02A  __Bidata       idata   02A
__Birdata      irdata  003  __Brbit        rbit    020
__Brdata       rdata   003  __Hbss         bss     02A
__Hcode        code    02A  __Hconst       const   100
__Hdata        data    107  __Hheap        heap    02A
__Hidata       idata   02A  __Hirdata      irdata  02A
__Hnvram       nvram   02A  __Hrbit        rbit    000
__Hrbss        rbss    02A  __Hrdata       rdata   02A
__Hstrings     strings 100  __Htext        text    02A
__Hvectors     vectors 003  __Lbss         bss     02A
__Lcode        code    02A  __Lconst       const   100
__Ldata        data    100  __Lheap        heap    02A
__Lidata       idata   02A  __Lirdata      irdata  02A
__Lnvram       nvram   02A  __Lrbit        rbit    000
__Lrbss        rbss    020  __Lrdata       rdata   02A
__Lstrings     strings 100  __Ltext        text    02A
__Lvectors     vectors 000  __S0           (abs)   107
_exit          text    0CD  _main          text    017
_tput          text    003  intlevel0      (abs)   000
intlevel1      (abs)   000  powerup        text    0D0
small_model    (abs)   001  stack_internal (abs)   001
start          vectors 000  start1         text    0BC
str_copy       text    091  str_load       text    091
str_xcopy      text    07B  strx_copy      text    091
strx_load      text    091  strx_xcopy     text    07B
