

HI-TECH Software 8051 Macro Assembler V9.60                                Page 1
                                                       Tue Jun 17 08:43:48 2025

     1                           	psect	idata,class=DATA,space=1,limit=080h
     2                           	psect	irdata,class=DATA,limit=080h
     3                           	global	_main
     4                           	signat	_main,88
     5                           	global	stack_internal
     6                           	psect	text,class=CODE
     7                           	psect	text
     8                           	file	"C:\Users\PROFES~1\Desktop\38CC~1\61C4D~1\
                                 1072~1\PRACTI~1\PRD9DB~1\pr5\project5\main.c"
     9                           	line	4
    10  0010F                     _main:
    11  0010F  02 024B            	j	f1411
    12  00112                     f1410:
    13                           ;main.c: 3: void main()
    14                           
    15                           ;main.c: 4: {
    16                           
    17                           	psect	data,class=CODE
    18                           	psect	data
    19  00100                     F157:
    20  00100  30                 	db	(48)
    21  00101  31                 	db	(49)
    22  00102  32                 	db	(50)
    23  00103  33                 	db	(51)
    24  00104  34                 	db	(52)
    25  00105  35                 	db	(53)
    26  00106  36                 	db	(54)
    27  00107  37                 	db	(55)
    28  00108  38                 	db	(56)
    29  00109  39                 	db	(57)
    30  0010A  41                 	db	(65)
    31  0010B  42                 	db	(66)
    32  0010C  43                 	db	(67)
    33  0010D  44                 	db	(68)
    34  0010E  45                 	db	(69)
    35                           ;	var   _symbol assigned to ?a_main+0
    36                           ;main.c: 5: char symbol[3][5]={{'0','1','2','3',
                                 '4'},
    37                           
    38                           ;main.c: 6: {'5','6','7','8','9'},
    39                           
    40                           ;main.c: 7: {'A','B','C','D','E'}};
    41                           
    42                           	psect	text
    43                           	line	7
    44  00112  78 01              	mov	r0,#high (F157)
    45  00114  79 00              	mov	r1,#low (F157)
    46  00116  7A 00              	mov	r2,#high (?a_main+0)
    47  00118  7B 20              	mov	r3,#low (?a_main+0)
    48  0011A  7D 0F              	mov	r5,#low 15
    49  0011C  7C 00              	mov	r4,#high 15
    50                           	global	str_copy
    51  0011E  12 0019            	lcall	str_copy
    52                           ;main.c: 8: P0 = 0x38;
    53                           
    54                           	line	8
    55  00121  75 80 38           	mov	080h,#56
    56                           ;main.c: 9: P2 = 0x1;
    57                           
    58                           	line	9
    59  00124  75 A0 01           	mov	0A0h,#1
    60                           ;main.c: 10: P2 = 0x0;
    61                           
    62                           	line	10
    63  00127  75 A0 00           	mov	0A0h,#0
    64                           ;main.c: 11: P0 = 0x80;
    65                           
    66                           	line	11
    67  0012A  75 80 80           	mov	080h,#128
    68                           ;main.c: 12: P2 = 0x1;
    69                           
    70                           	line	12
    71  0012D  75 A0 01           	mov	0A0h,#1
    72                           ;main.c: 13: P2 = 0x0;
    73                           
    74                           	line	13
    75  00130  75 A0 00           	mov	0A0h,#0
    76                           ;main.c: 16: while(1){
    77                           
    78                           	line	16
    79  00133                     l5:
    80                           ;main.c: 18: P10 = 0;
    81                           
    82                           	line	18
    83  00133  C2 90              	clr	p1.0
    84                           ;main.c: 19: if(P13 == 0){ P0 = symbol[0][4]; P2
                                  = 0x3; P2 = 0x2;}
    85                           
    86                           	line	19
    87  00135  20 93 02           	bb	p1.3, u11
    88  00138  80 02              	jmp	u10
    89  0013A                     u11:
    90  0013A  80 0A              	jmp	l7
    91  0013C                     u10:
    92  0013C  79 24              	mov	r1,#?a_main+0+04h
    93  0013E  87 80              	mov	080h,@r1
    94  00140  75 A0 03           	mov	0A0h,#3
    95  00143  75 A0 02           	mov	0A0h,#2
    96  00146                     l7:
    97                           ;main.c: 20: if(P14 == 0){ P0 = symbol[0][3]; P2
                                  = 0x3; P2 = 0x2;}
    98                           
    99                           	line	20
   100  00146  20 94 02           	bb	p1.4, u21
   101  00149  80 02              	jmp	u20
   102  0014B                     u21:
   103  0014B  80 0A              	jmp	l8
   104  0014D                     u20:
   105  0014D  79 23              	mov	r1,#?a_main+0+03h
   106  0014F  87 80              	mov	080h,@r1
   107  00151  75 A0 03           	mov	0A0h,#3
   108  00154  75 A0 02           	mov	0A0h,#2
   109  00157                     l8:
   110                           ;main.c: 21: if(P15 == 0){ P0 = symbol[0][2]; P2
                                  = 0x3; P2 = 0x2;}
   111                           
   112                           	line	21
   113  00157  20 95 02           	bb	p1.5, u31
   114  0015A  80 02              	jmp	u30
   115  0015C                     u31:
   116  0015C  80 0A              	jmp	l9
   117  0015E                     u30:
   118  0015E  79 22              	mov	r1,#?a_main+0+02h
   119  00160  87 80              	mov	080h,@r1
   120  00162  75 A0 03           	mov	0A0h,#3
   121  00165  75 A0 02           	mov	0A0h,#2
   122  00168                     l9:
   123                           ;main.c: 22: if(P16 == 0){ P0 = symbol[0][1]; P2
                                  = 0x3; P2 = 0x2;}
   124                           
   125                           	line	22
   126  00168  20 96 02           	bb	p1.6, u41
   127  0016B  80 02              	jmp	u40
   128  0016D                     u41:
   129  0016D  80 0A              	jmp	l10
   130  0016F                     u40:
   131  0016F  79 21              	mov	r1,#?a_main+0+01h
   132  00171  87 80              	mov	080h,@r1
   133  00173  75 A0 03           	mov	0A0h,#3
   134  00176  75 A0 02           	mov	0A0h,#2
   135  00179                     l10:
   136                           ;main.c: 23: if(P17 == 0){ P0 = symbol[0][0]; P2
                                  = 0x3; P2 = 0x2;}
   137                           
   138                           	line	23
   139  00179  20 97 02           	bb	p1.7, u51
   140  0017C  80 02              	jmp	u50
   141  0017E                     u51:
   142  0017E  80 0A              	jmp	l11
   143  00180                     u50:
   144  00180  79 20              	mov	r1,#?a_main+0
   145  00182  87 80              	mov	080h,@r1
   146  00184  75 A0 03           	mov	0A0h,#3
   147  00187  75 A0 02           	mov	0A0h,#2
   148  0018A                     l11:
   149                           ;main.c: 24: P10 = 1;
   150                           
   151                           	line	24
   152  0018A  D2 90              	setb	p1.0
   153                           ;main.c: 26: P11 = 0;
   154                           
   155                           	line	26
   156  0018C  C2 91              	clr	p1.1
   157                           ;main.c: 27: if(P13 == 0){ P0 = symbol[1][4]; P2
                                  = 0x3; P2 = 0x2;}
   158                           
   159                           	line	27
   160  0018E  20 93 02           	bb	p1.3, u61
   161  00191  80 02              	jmp	u60
   162  00193                     u61:
   163  00193  80 0A              	jmp	l12
   164  00195                     u60:
   165  00195  79 29              	mov	r1,#?a_main+0+09h
   166  00197  87 80              	mov	080h,@r1
   167  00199  75 A0 03           	mov	0A0h,#3
   168  0019C  75 A0 02           	mov	0A0h,#2
   169  0019F                     l12:
   170                           ;main.c: 28: if(P14 == 0){ P0 = symbol[1][3]; P2
                                  = 0x3; P2 = 0x2;}
   171                           
   172                           	line	28
   173  0019F  20 94 02           	bb	p1.4, u71
   174  001A2  80 02              	jmp	u70
   175  001A4                     u71:
   176  001A4  80 0A              	jmp	l13
   177  001A6                     u70:
   178  001A6  79 28              	mov	r1,#?a_main+0+08h
   179  001A8  87 80              	mov	080h,@r1
   180  001AA  75 A0 03           	mov	0A0h,#3
   181  001AD  75 A0 02           	mov	0A0h,#2
   182  001B0                     l13:
   183                           ;main.c: 29: if(P15 == 0){ P0 = symbol[1][2]; P2
                                  = 0x3; P2 = 0x2;}
   184                           
   185                           	line	29
   186  001B0  20 95 02           	bb	p1.5, u81
   187  001B3  80 02              	jmp	u80
   188  001B5                     u81:
   189  001B5  80 0A              	jmp	l14
   190  001B7                     u80:
   191  001B7  79 27              	mov	r1,#?a_main+0+07h
   192  001B9  87 80              	mov	080h,@r1
   193  001BB  75 A0 03           	mov	0A0h,#3
   194  001BE  75 A0 02           	mov	0A0h,#2
   195  001C1                     l14:
   196                           ;main.c: 30: if(P16 == 0){ P0 = symbol[1][1]; P2
                                  = 0x3; P2 = 0x2;}
   197                           
   198                           	line	30
   199  001C1  20 96 02           	bb	p1.6, u91
   200  001C4  80 02              	jmp	u90
   201  001C6                     u91:
   202  001C6  80 0A              	jmp	l15
   203  001C8                     u90:
   204  001C8  79 26              	mov	r1,#?a_main+0+06h
   205  001CA  87 80              	mov	080h,@r1
   206  001CC  75 A0 03           	mov	0A0h,#3
   207  001CF  75 A0 02           	mov	0A0h,#2
   208  001D2                     l15:
   209                           ;main.c: 31: if(P17 == 0){ P0 = symbol[1][0]; P2
                                  = 0x3; P2 = 0x2;}
   210                           
   211                           	line	31
   212  001D2  20 97 02           	bb	p1.7, u101
   213  001D5  80 02              	jmp	u100
   214  001D7                     u101:
   215  001D7  80 0A              	jmp	l16
   216  001D9                     u100:
   217  001D9  79 25              	mov	r1,#?a_main+0+05h
   218  001DB  87 80              	mov	080h,@r1
   219  001DD  75 A0 03           	mov	0A0h,#3
   220  001E0  75 A0 02           	mov	0A0h,#2
   221  001E3                     l16:
   222                           ;main.c: 32: P11 = 1;
   223                           
   224                           	line	32
   225  001E3  D2 91              	setb	p1.1
   226                           ;main.c: 34: P12 = 0;
   227                           
   228                           	line	34
   229  001E5  C2 92              	clr	p1.2
   230                           ;main.c: 35: if(P13 == 0){ P0 = symbol[2][4]; P2
                                  = 0x3; P2 = 0x2;}
   231                           
   232                           	line	35
   233  001E7  20 93 02           	bb	p1.3, u111
   234  001EA  80 02              	jmp	u110
   235  001EC                     u111:
   236  001EC  80 0A              	jmp	l17
   237  001EE                     u110:
   238+ 001EE  79 2E              	mov	r1,#?a_main+0+0Eh
   239  001F0  87 80              	mov	080h,@r1
   240  001F2  75 A0 03           	mov	0A0h,#3
   241  001F5  75 A0 02           	mov	0A0h,#2
   242  001F8                     l17:
   243                           ;main.c: 36: if(P14 == 0){ P0 = symbol[2][3]; P2
                                  = 0x3; P2 = 0x2;}
   244                           
   245                           	line	36
   246  001F8  20 94 02           	bb	p1.4, u121
   247  001FB  80 02              	jmp	u120
   248  001FD                     u121:
   249  001FD  80 0A              	jmp	l18
   250  001FF                     u120:
   251  001FF  79 2D              	mov	r1,#?a_main+0+0Dh
   252  00201  87 80              	mov	080h,@r1
   253  00203  75 A0 03           	mov	0A0h,#3
   254  00206  75 A0 02           	mov	0A0h,#2
   255  00209                     l18:
   256                           ;main.c: 37: if(P15 == 0){ P0 = symbol[2][2]; P2
                                  = 0x3; P2 = 0x2;}
   257                           
   258                           	line	37
   259  00209  20 95 02           	bb	p1.5, u131
   260  0020C  80 02              	jmp	u130
   261  0020E                     u131:
   262  0020E  80 0A              	jmp	l19
   263  00210                     u130:
   264  00210  79 2C              	mov	r1,#?a_main+0+0Ch
   265  00212  87 80              	mov	080h,@r1
   266  00214  75 A0 03           	mov	0A0h,#3
   267  00217  75 A0 02           	mov	0A0h,#2
   268  0021A                     l19:
   269                           ;main.c: 38: if(P16 == 0){ P0 = symbol[2][1]; P2
                                  = 0x3; P2 = 0x2;}
   270                           
   271                           	line	38
   272  0021A  20 96 02           	bb	p1.6, u141
   273  0021D  80 02              	jmp	u140
   274  0021F                     u141:
   275  0021F  80 0A              	jmp	l20
   276  00221                     u140:
   277  00221  79 2B              	mov	r1,#?a_main+0+0Bh
   278  00223  87 80              	mov	080h,@r1
   279  00225  75 A0 03           	mov	0A0h,#3
   280  00228  75 A0 02           	mov	0A0h,#2
   281  0022B                     l20:
   282                           ;main.c: 39: if(P17 == 0){ P0 = symbol[2][0]; P2
                                  = 0x3; P2 = 0x2;}
   283                           
   284                           	line	39
   285  0022B  20 97 02           	bb	p1.7, u151
   286  0022E  80 02              	jmp	u150
   287  00230                     u151:
   288  00230  80 0A              	jmp	l21
   289  00232                     u150:
   290  00232  79 2A              	mov	r1,#?a_main+0+0Ah
   291  00234  87 80              	mov	080h,@r1
   292  00236  75 A0 03           	mov	0A0h,#3
   293  00239  75 A0 02           	mov	0A0h,#2
   294  0023C                     l21:
   295                           ;main.c: 40: P12 = 1;
   296                           
   297                           	line	40
   298  0023C  D2 92              	setb	p1.2
   299                           ;main.c: 42: P0 = 0x01;
   300                           
   301                           	line	42
   302  0023E  75 80 01           	mov	080h,#1
   303                           ;main.c: 43: P2 = 0x1;
   304                           
   305                           	line	43
   306  00241  75 A0 01           	mov	0A0h,#1
   307                           ;main.c: 44: P2 = 0x0;
   308                           
   309                           	line	44
   310  00244  75 A0 00           	mov	0A0h,#0
   311                           	line	45
   312  00247                     l4:
   313                           	line	16
   314  00247  02 0133            	jmp	l5
   315  0024A                     l6:
   316                           ;main.c: 45: }
   317                           
   318                           ;main.c: 46: }
   319                           
   320                           	line	46
   321  0024A                     l3:
   322  0024A  22                 	ret
   323  0024B                     f1411:
   324  0024B  02 0112            	j	f1410
   325                           	FNSIZE	_main,15,0
   326                           	global	?a_main
   327  0000                     f1412	equ	0
   328  0000                     _A10	equ	162
   329  0000                     _A11	equ	163
   330  0000                     _A12	equ	164
   331  0000                     _A13	equ	165
   332  0000                     _A14	equ	166
   333  0000                     _A15	equ	167
   334  0000                     _A8	equ	160
   335  0000                     _A9	equ	161
   336  0000                     _AC	equ	214
   337  0000                     _ACC0	equ	224
   338  0000                     _ACC1	equ	225
   339  0000                     _ACC2	equ	226
   340  0000                     _ACC3	equ	227
   341  0000                     _ACC4	equ	228
   342  0000                     _ACC5	equ	229
   343  0000                     _ACC6	equ	230
   344  0000                     _ACC7	equ	231
   345  0000                     _AD0	equ	128
   346  0000                     _AD1	equ	129
   347  0000                     _AD2	equ	130
   348  0000                     _AD3	equ	131
   349  0000                     _AD4	equ	132
   350  0000                     _AD5	equ	133
   351  0000                     _AD6	equ	134
   352  0000                     _AD7	equ	135
   353  0000                     _B0	equ	240
   354  0000                     _B1	equ	241
   355  0000                     _B2	equ	242
   356  0000                     _B3	equ	243
   357  0000                     _B4	equ	244
   358  0000                     _B5	equ	245
   359  0000                     _B6	equ	246
   360  0000                     _B7	equ	247
   361  0000                     _CY	equ	215
   362  0000                     _EA	equ	175
   363  0000                     _ES	equ	172
   364  0000                     _ET0	equ	169
   365  0000                     _ET1	equ	171
   366  0000                     _EX0	equ	168
   367  0000                     _EX1	equ	170
   368  0000                     _F0	equ	213
   369  0000                     _IE0	equ	137
   370  0000                     _IE1	equ	139
   371  0000                     _INT0	equ	178
   372  0000                     _INT1	equ	179
   373  0000                     _IT0	equ	136
   374  0000                     _IT1	equ	138
   375  0000                     _OV	equ	210
   376  0000                     _P	equ	208
   377  0000                     _P00	equ	128
   378  0000                     _P01	equ	129
   379  0000                     _P02	equ	130
   380  0000                     _P03	equ	131
   381  0000                     _P04	equ	132
   382  0000                     _P05	equ	133
   383  0000                     _P06	equ	134
   384  0000                     _P07	equ	135
   385  0000                     _P10	equ	144
   386  0000                     _P11	equ	145
   387  0000                     _P12	equ	146
   388  0000                     _P13	equ	147
   389  0000                     _P14	equ	148
   390  0000                     _P15	equ	149
   391  0000                     _P16	equ	150
   392  0000                     _P17	equ	151
   393  0000                     _P20	equ	160
   394  0000                     _P21	equ	161
   395  0000                     _P22	equ	162
   396  0000                     _P23	equ	163
   397  0000                     _P24	equ	164
   398  0000                     _P25	equ	165
   399  0000                     _P26	equ	166
   400  0000                     _P27	equ	167
   401  0000                     _P30	equ	176
   402  0000                     _P31	equ	177
   403  0000                     _P32	equ	178
   404  0000                     _P33	equ	179
   405  0000                     _P34	equ	180
   406  0000                     _P35	equ	181
   407  0000                     _P36	equ	182
   408  0000                     _P37	equ	183
   409  0000                     _PS	equ	188
   410  0000                     _PT0	equ	185
   411  0000                     _PT1	equ	187
   412  0000                     _PX0	equ	184
   413  0000                     _PX1	equ	186
   414  0000                     _RB8	equ	154
   415  0000                     _RD	equ	183
   416  0000                     _REN	equ	156
   417  0000                     _RI	equ	152
   418  0000                     _RS0	equ	211
   419  0000                     _RS1	equ	212
   420  0000                     _RXD	equ	176
   421  0000                     _SM0	equ	159
   422  0000                     _SM1	equ	158
   423  0000                     _SM2	equ	157
   424  0000                     _T0	equ	180
   425  0000                     _T1	equ	181
   426  0000                     _TB8	equ	155
   427  0000                     _TF0	equ	141
   428  0000                     _TF1	equ	143
   429  0000                     _TI	equ	153
   430  0000                     _TR0	equ	140
   431  0000                     _TR1	equ	142
   432  0000                     _TXD	equ	177
   433  0000                     _WR	equ	182
   434  0000                     _ACC	equ	224
   435  0000                     _B	equ	240
   436  0000                     _DPH	equ	131
   437  0000                     _DPL	equ	130
   438  0000                     _IE	equ	168
   439  0000                     _IP	equ	184
   440  0000                     _P0	equ	128
   441  0000                     _P1	equ	144
   442  0000                     _P2	equ	160
   443  0000                     _P3	equ	176
   444  0000                     _PCON	equ	135
   445  0000                     _PSW	equ	208
   446  0000                     _SBUF	equ	153
   447  0000                     _SCON	equ	152
   448  0000                     _SP	equ	129
   449  0000                     _TCON	equ	136
   450  0000                     _TH0	equ	140
   451  0000                     _TH1	equ	141
   452  0000                     _TL0	equ	138
   453  0000                     _TL1	equ	139
   454  0000                     _TMOD	equ	137
   455  0000                     _ACC_BITS	equ	224
   456  0000                     _B_BITS	equ	240
   457  0000                     _IE_BITS	equ	168
   458  0000                     _IP_BITS	equ	184
   459  0000                     _P0_BITS	equ	128
   460  0000                     _P1_BITS	equ	144
   461  0000                     _P2_BITS	equ	160
   462  0000                     _P3_BITS	equ	176
   463  0000                     _PCON_BITS	equ	135
   464  0000                     _PSW_BITS	equ	208
   465  0000                     _SCON_BITS	equ	152
   466  0000                     _TCON_BITS	equ	136
   467  0000                     _TMOD_BITS	equ	137


HI-TECH Software 8051 Macro Assembler V9.60                                Page 2
Symbol Table                                           Tue Jun 17 08:43:48 2025

       ?a_main 00020              _B 000F0              l3 0024A  
            l4 00247              l5 00133              _P 000D0  
            l6 0024A              l7 00146              l8 00157  
            l9 00168             _B0 000F0             _B1 000F1  
           _B2 000F2             _B3 000F3             _B4 000F4  
           _B5 000F5             _B6 000F6             _A8 000A0  
           _B7 000F7             _A9 000A1             _F0 000D5  
           _AC 000D6             l10 00179             l11 0018A  
           l20 0022B             l12 0019F             l21 0023C  
           l13 001B0             l14 001C1             _EA 000AF  
           l15 001D2             l16 001E3             l17 001F8  
           l18 00209             l19 0021A             _P0 00080  
           _P1 00090             _P2 000A0             _P3 000B0  
           _IE 000A8             _T0 000B4             _T1 000B5  
           _ES 000AC             _CY 000D7             _IP 000B8  
           _RD 000B7             u10 0013C             u11 0013A  
           u20 0014D             _RI 00098             u21 0014B  
           u30 0015E             u31 0015C             u40 0016F  
           _TI 00099             u41 0016D             u50 00180  
           _PS 000BC             u51 0017E             _OV 000D2  
           u60 00195             u61 00193             _SP 00081  
           u70 001A6             u71 001A4             u80 001B7  
           u81 001B5             u90 001C8             u91 001C6  
           _WR 000B6         _B_BITS 000F0            F157 00100  
          _A10 000A2            _A11 000A3            _A12 000A4  
          _A13 000A5            _A14 000A6            _A15 000A7  
          _AD0 00080            _AD1 00081            _AD2 00082  
          _AD3 00083            _AD4 00084            _AD5 00085  
          _AD6 00086            _AD7 00087            _ACC 000E0  
          _P00 00080            _P01 00081            _P10 00090  
          _P02 00082            _P11 00091            _P03 00083  
          _P20 000A0            _P12 00092            _P04 00084  
          _P21 000A1            _P13 00093            _P05 00085  
          _P30 000B0            _P22 000A2            _P14 00094  
          _P06 00086            _P31 000B1            _P23 000A3  
          _P15 00095            _P07 00087            _P32 000B2  
          _P24 000A4            _P16 00096            _P33 000B3  
          _P25 000A5            _P17 00097            _P34 000B4  
          _P26 000A6            _P35 000B5            _P27 000A7  
          _P36 000B6            _P37 000B7            _IE0 00089  
          _IE1 0008B            _ET0 000A9            _ET1 000AB  
          _EX0 000A8            _EX1 000AA            _DPH 00083  
          _DPL 00082            _IT0 00088            _IT1 0008A  
          _RB8 0009A            u100 001D9            u101 001D7  
          u110 001EE            u111 001EC            u120 001FF  
          u121 001FD            u130 00210            u131 0020E  
          _TF0 0008D            _TB8 0009B            u140 00221  
          _TF1 0008F            u141 0021F            u150 00232  
          u151 00230            _TH0 0008C            _TH1 0008D  
          _SM0 0009F            _SM1 0009E            _TL0 0008A  
          _SM2 0009D            _PT0 000B9            _TL1 0008B  
          _PT1 000BB            _RS0 000D3            _RS1 000D4  
          _REN 0009C            _PX0 000B8            _PX1 000BA  
          _TR0 0008C            _TR1 0008E            _RXD 000B0  
          _PSW 000D0            _TXD 000B1        _P0_BITS 00080  
      _P1_BITS 00090        _P2_BITS 000A0        _P3_BITS 000B0  
      _IE_BITS 000A8       _ACC_BITS 000E0        _IP_BITS 000B8  
         f1410 00112           f1411 0024B           f1412 00000  
         _ACC0 000E0           _ACC1 000E1           _ACC2 000E2  
         _ACC3 000E3           _ACC4 000E4           _ACC5 000E5  
         _ACC6 000E6           _ACC7 000E7  stack_internal 00001  
         _INT0 000B2           _INT1 000B3           _PCON 00087  
         _SCON 00098           _SBUF 00099           _TCON 00088  
         _TMOD 00089           _main 0010F       _PSW_BITS 000D0  
    _PCON_BITS 00087      _SCON_BITS 00098      _TCON_BITS 00088  
      str_copy 00019      _TMOD_BITS 00089  
