HI-TECH Software 8051-C Compiler V9.60

Linker command line:

--edf=C:\PROGRA~2\HI-TEC~1\HC51\lite\9.60\dat\en_msgs.txt \
  -h+Z:\project2.sym -z -Q8051AH -ol.obj -MZ:\project2.map -E1 \
  -ver=8051-C#V9.60 -ACODE=00h-0FFFh -pvectors=00h \
  -prbit=0/20h,rbss,rdata/CODE,irdata/CODE,idata/rbss -pbss=XDATA/idata \
  -pdata=CODE+100h -pconst=CODE+100h -pstrings=CODE+100h -pnvram=bss,heap \
  C:\Users\PROFES~1\AppData\Local\Temp\sdic.obj Z:\main_0.obj \
  C:\PROGRA~2\HI-TEC~1\HC51\lite\9.60\lib\51--nsc.lib 

Object code version is 3.8

Machine type is 8051AH

Call graph:

*start1 size 0,0 offset 0
*    _main size 0,13 offset 0

		Name          Link     Load   Length Selector Space Scale
C:\Users\PROFES~1\AppData\Local\Temp\sdic.obj
		vectors          0        0        3       0     0
		text            8C       8C       14       0     0
Z:\main_0.obj   data           100      100        B     100     0
		text             3        3       48       0     0

C:\PROGRA~2\HI-TEC~1\HC51\lite\9.60\lib\51--nsc.lib
powerup.obj     text            A0       A0        3       0     0
str_cops.obj    text            4B       4B       41       0     0

COMMON          rbss            20       20        D      20     1

TOTAL		Name          Link     Load   Length
	CLASS	CODE     
		vectors          0        0        3
		data           100      100        B
		text            8C       8C       14
		text             3        3       48
		text            A0       A0        3
		text            4B       4B       41

	CLASS	DATA     
		rbss            20       20        D

	CLASS	XDATA    

	CLASS	BITSEG   



SEGMENTS	Name		Load	Length	 Top	Selector    Space Class

		vectors         000000	0000A3	0000A3	       0       0  CODE    
		rbit            000020	00000D	00002D	      20       1  BITSEG  
		data            000100	00000B	00010B	     100       0  CODE    


UNUSED ADDRESS RANGES

	CODE             0A3-0FF
	                 10B-FFF

                                  Symbol Table

?a_main        rbss    020  __Bbss         bss     02D
__Bidata       idata   02D  __Birdata      irdata  003
__Brbit        rbit    020  __Brdata       rdata   003
__Hbss         bss     02D  __Hcode        code    02D
__Hconst       const   100  __Hdata        data    10B
__Hheap        heap    02D  __Hidata       idata   02D
__Hirdata      irdata  02D  __Hnvram       nvram   02D
__Hrbit        rbit    000  __Hrbss        rbss    02D
__Hrdata       rdata   02D  __Hstrings     strings 100
__Htext        text    02D  __Hvectors     vectors 003
__Lbss         bss     02D  __Lcode        code    02D
__Lconst       const   100  __Ldata        data    100
__Lheap        heap    02D  __Lidata       idata   02D
__Lirdata      irdata  02D  __Lnvram       nvram   02D
__Lrbit        rbit    000  __Lrbss        rbss    020
__Lrdata       rdata   02D  __Lstrings     strings 100
__Ltext        text    02D  __Lvectors     vectors 000
__S0           (abs)   10B  _exit          text    09D
_main          text    003  intlevel0      (abs)   000
intlevel1      (abs)   000  powerup        text    0A0
small_model    (abs)   001  stack_internal (abs)   001
start          vectors 000  start1         text    08C
str_copy       text    061  str_load       text    061
str_xcopy      text    04B  strx_copy      text    061
strx_load      text    061  strx_xcopy     text    04B
