HI-TECH Software 8051-C Compiler V9.60

Linker command line:

--edf=C:\PROGRA~2\HI-TEC~1\HC51\lite\9.60\dat\en_msgs.txt \
  -h+Z:\project4.sym -z -Q8051AH -ol.obj -MZ:\project4.map -E1 \
  -ver=8051-C#V9.60 -ACODE=00h-0FFFh -pvectors=00h \
  -prbit=0/20h,rbss,rdata/CODE,irdata/CODE,idata/rbss -pbss=XDATA/idata \
  -pdata=CODE+100h -pconst=CODE+100h -pstrings=CODE+100h -pnvram=bss,heap \
  C:\Users\PROFES~1\AppData\Local\Temp\s6c0.obj Z:\main_0.obj \
  C:\PROGRA~2\HI-TEC~1\HC51\lite\9.60\lib\51--nsc.lib 

Object code version is 3.8

Machine type is 8051AH

Call graph:

*start1 size 0,0 offset 0
*    _main size 0,11 offset 0
*        _msec size 0,2 offset 11

		Name          Link     Load   Length Selector Space Scale
C:\Users\PROFES~1\AppData\Local\Temp\s6c0.obj
		vectors          0        0        3       0     0
		text            9D       9D       14       0     0
Z:\main_0.obj   text             3        3       9A       0     0

C:\PROGRA~2\HI-TEC~1\HC51\lite\9.60\lib\51--nsc.lib
powerup.obj     text            B1       B1        3       0     0

COMMON          rbss            20       20        D      20     1

TOTAL		Name          Link     Load   Length
	CLASS	CODE     
		vectors          0        0        3
		text            9D       9D       14
		text             3        3       9A
		text            B1       B1        3

	CLASS	DATA     
		rbss            20       20        D

	CLASS	XDATA    

	CLASS	BITSEG   



SEGMENTS	Name		Load	Length	 Top	Selector    Space Class

		vectors         000000	0000B4	0000B4	       0       0  CODE    
		rbit            000020	00000D	00002D	      20       1  BITSEG  


UNUSED ADDRESS RANGES

	CODE             0B4-FFF

                                  Symbol Table

?a_main        rbss    020  ?a_msec        rbss    02B
__Bbss         bss     02D  __Bidata       idata   02D
__Birdata      irdata  003  __Brbit        rbit    020
__Brdata       rdata   003  __Hbss         bss     02D
__Hcode        code    02D  __Hconst       const   100
__Hdata        data    100  __Hheap        heap    02D
__Hidata       idata   02D  __Hirdata      irdata  02D
__Hnvram       nvram   02D  __Hrbit        rbit    000
__Hrbss        rbss    02D  __Hrdata       rdata   02D
__Hstrings     strings 100  __Htext        text    02D
__Hvectors     vectors 003  __Lbss         bss     02D
__Lcode        code    02D  __Lconst       const   100
__Ldata        data    100  __Lheap        heap    02D
__Lidata       idata   02D  __Lirdata      irdata  02D
__Lnvram       nvram   02D  __Lrbit        rbit    000
__Lrbss        rbss    020  __Lrdata       rdata   02D
__Lstrings     strings 100  __Ltext        text    02D
__Lvectors     vectors 000  __S0           (abs)   100
_exit          text    0AE  _main          text    03A
_msec          text    003  intlevel0      (abs)   000
intlevel1      (abs)   000  powerup        text    0B1
small_model    (abs)   001  stack_internal (abs)   001
start          vectors 000  start1         text    09D
